org/jpmml/lightgbm/PoissonRegression.class
org/jpmml/lightgbm/GBDT$1.class
org/jpmml/lightgbm/Section.class
org/jpmml/lightgbm/Regression.class
org/jpmml/lightgbm/DirectCategoricalFeature.class
org/jpmml/lightgbm/StringProvider.class
org/jpmml/lightgbm/TokenMgrException.class
org/jpmml/lightgbm/Provider.class
org/jpmml/lightgbm/PandasCategoricalParser$1.class
org/jpmml/lightgbm/PandasCategoricalParser$LookaheadSuccess.class
org/jpmml/lightgbm/visitors/TreeModelCompactor.class
org/jpmml/lightgbm/PandasCategoricalParserConstants.class
org/jpmml/lightgbm/PandasCategoricalParser$JJCalls.class
org/jpmml/lightgbm/LightGBMEncoder.class
org/jpmml/lightgbm/Lambdarank.class
org/jpmml/lightgbm/PandasCategoricalParser.class
org/jpmml/lightgbm/Token.class
org/jpmml/lightgbm/PandasCategoricalParserTokenManager.class
org/jpmml/lightgbm/BinomialLogisticRegression.class
org/jpmml/lightgbm/GBDT.class
org/jpmml/lightgbm/StreamProvider.class
org/jpmml/lightgbm/Classification.class
org/jpmml/lightgbm/LightGBMUtil.class
org/jpmml/lightgbm/BinaryCategoricalFeature.class
org/jpmml/lightgbm/Main.class
org/jpmml/lightgbm/ObjectiveFunction.class
org/jpmml/lightgbm/ParseException.class
org/jpmml/lightgbm/Tree$1.class
org/jpmml/lightgbm/MultinomialLogisticRegression.class
org/jpmml/lightgbm/Tree.class
org/jpmml/lightgbm/SimpleCharStream.class
org/jpmml/lightgbm/HasLightGBMOptions.class
