/Users/fujingnan/jpmml-lightgbm/src/main/java/org/jpmml/lightgbm/GBDT.java
/Users/fujingnan/jpmml-lightgbm/src/main/java/org/jpmml/lightgbm/Regression.java
/Users/fujingnan/jpmml-lightgbm/target/generated-sources/javacc/org/jpmml/lightgbm/ParseException.java
/Users/fujingnan/jpmml-lightgbm/target/generated-sources/javacc/org/jpmml/lightgbm/TokenMgrException.java
/Users/fujingnan/jpmml-lightgbm/target/generated-sources/javacc/org/jpmml/lightgbm/PandasCategoricalParserTokenManager.java
/Users/fujingnan/jpmml-lightgbm/target/generated-sources/javacc/org/jpmml/lightgbm/PandasCategoricalParserConstants.java
/Users/fujingnan/jpmml-lightgbm/src/main/java/org/jpmml/lightgbm/Main.java
/Users/fujingnan/jpmml-lightgbm/src/main/java/org/jpmml/lightgbm/DirectCategoricalFeature.java
/Users/fujingnan/jpmml-lightgbm/target/generated-sources/javacc/org/jpmml/lightgbm/Token.java
/Users/fujingnan/jpmml-lightgbm/src/main/java/org/jpmml/lightgbm/MultinomialLogisticRegression.java
/Users/fujingnan/jpmml-lightgbm/target/generated-sources/javacc/org/jpmml/lightgbm/PandasCategoricalParser.java
/Users/fujingnan/jpmml-lightgbm/target/generated-sources/javacc/org/jpmml/lightgbm/StreamProvider.java
/Users/fujingnan/jpmml-lightgbm/src/main/java/org/jpmml/lightgbm/Lambdarank.java
/Users/fujingnan/jpmml-lightgbm/src/main/java/org/jpmml/lightgbm/visitors/TreeModelCompactor.java
/Users/fujingnan/jpmml-lightgbm/src/main/java/org/jpmml/lightgbm/BinaryCategoricalFeature.java
/Users/fujingnan/jpmml-lightgbm/src/main/java/org/jpmml/lightgbm/HasLightGBMOptions.java
/Users/fujingnan/jpmml-lightgbm/src/main/java/org/jpmml/lightgbm/BinomialLogisticRegression.java
/Users/fujingnan/jpmml-lightgbm/target/generated-sources/javacc/org/jpmml/lightgbm/StringProvider.java
/Users/fujingnan/jpmml-lightgbm/src/main/java/org/jpmml/lightgbm/LightGBMEncoder.java
/Users/fujingnan/jpmml-lightgbm/target/generated-sources/javacc/org/jpmml/lightgbm/SimpleCharStream.java
/Users/fujingnan/jpmml-lightgbm/src/main/java/org/jpmml/lightgbm/Classification.java
/Users/fujingnan/jpmml-lightgbm/target/generated-sources/javacc/org/jpmml/lightgbm/Provider.java
/Users/fujingnan/jpmml-lightgbm/src/main/java/org/jpmml/lightgbm/LightGBMUtil.java
/Users/fujingnan/jpmml-lightgbm/src/main/java/org/jpmml/lightgbm/ObjectiveFunction.java
/Users/fujingnan/jpmml-lightgbm/src/main/java/org/jpmml/lightgbm/Tree.java
/Users/fujingnan/jpmml-lightgbm/src/main/java/org/jpmml/lightgbm/Section.java
/Users/fujingnan/jpmml-lightgbm/src/main/java/org/jpmml/lightgbm/PoissonRegression.java
